go: downloading github.com/go-webauthn/webauthn v0.15.0
go: downloading github.com/ovh/go-ovh v1.1.0
go: downloading github.com/rs/cors v1.11.1
go: downloading github.com/golang-jwt/jwt/v4 v4.5.2
go: downloading google.golang.org/api v0.58.0
go: downloading github.com/aws/aws-sdk-go-v2 v1.41.2
go: downloading github.com/aws/aws-sdk-go-v2/config v1.32.10
go: downloading github.com/aws/aws-sdk-go-v2/credentials v1.19.10
go: downloading github.com/aws/aws-sdk-go-v2/service/s3 v1.96.2
go: downloading gopkg.in/ini.v1 v1.57.0
go: downloading github.com/google/uuid v1.6.0
go: downloading github.com/go-viper/mapstructure/v2 v2.4.0
go: downloading github.com/golang-jwt/jwt/v5 v5.3.0
go: downloading github.com/google/go-tpm v0.9.6
go: downloading github.com/aws/smithy-go v1.24.2
go: downloading github.com/aws/aws-sdk-go-v2/internal/ini v1.8.4
go: downloading github.com/aws/aws-sdk-go-v2/feature/ec2/imds v1.18.18
go: downloading github.com/aws/aws-sdk-go-v2/service/signin v1.0.6
go: downloading github.com/aws/aws-sdk-go-v2/service/sso v1.30.11
go: downloading github.com/aws/aws-sdk-go-v2/service/ssooidc v1.35.15
go: downloading github.com/aws/aws-sdk-go-v2/service/sts v1.41.7
go: downloading github.com/aws/aws-sdk-go-v2/aws/protocol/eventstream v1.7.5
go: downloading github.com/aws/aws-sdk-go-v2/internal/configsources v1.4.18
go: downloading github.com/aws/aws-sdk-go-v2/internal/v4a v1.4.18
go: downloading github.com/aws/aws-sdk-go-v2/service/internal/accept-encoding v1.13.5
go: downloading github.com/aws/aws-sdk-go-v2/service/internal/checksum v1.9.10
go: downloading github.com/aws/aws-sdk-go-v2/service/internal/presigned-url v1.13.18
go: downloading github.com/aws/aws-sdk-go-v2/service/internal/s3shared v1.19.18
go: downloading github.com/go-webauthn/x v0.1.26
go: downloading github.com/fxamacker/cbor/v2 v2.9.0
go: downloading github.com/aws/aws-sdk-go-v2/internal/endpoints/v2 v2.7.18
go: downloading golang.org/x/crypto v0.43.0
go: downloading golang.org/x/sys v0.37.0
go: downloading github.com/x448/float16 v0.8.4
go: downloading google.golang.org/grpc v1.40.0
go: downloading cloud.google.com/go v0.94.1
go: downloading golang.org/x/oauth2 v0.0.0-20210819190943-2bc19b11175f
go: downloading go.opencensus.io v0.23.0
go: downloading golang.org/x/net v0.45.0
go: downloading github.com/golang/groupcache v0.0.0-20210331224755-41bb18bfe9da
go: downloading github.com/googleapis/gax-go/v2 v2.1.1
go: downloading google.golang.org/genproto v0.0.0-20210917145530-b395a37504d4
go: downloading google.golang.org/protobuf v1.28.0
go: downloading github.com/golang/protobuf v1.5.2
go: downloading golang.org/x/text v0.30.0
2026/03/17 08:11:28 Server starting on :8080
